// Jest Snapshot v1, https://goo.gl/fbAQLP

exports[`should render EditExpensesPage correctly 1`] = `
<div>
  <ExpenseForm
    expense={
      Object {
        "amount": 250,
        "createdAt": -345600000,
        "description": "Ice",
        "id": 2,
        "notes": "",
      }
    }
    onSubmit={[Function]}
  />
  <button
    onClick={[Function]}
  >
    Remove
  </button>
</div>
`;
