// Jest Snapshot v1, https://goo.gl/fbAQLP

exports[`should render ExpenseList component with expenses correctly 1`] = `
<div>
  <ExpenseListItem
    amount={195}
    createdAt={0}
    description="Gum"
    id={1}
    key="1"
    notes=""
  />
  <ExpenseListItem
    amount={250}
    createdAt={-345600000}
    description="Ice"
    id={2}
    key="2"
    notes=""
  />
  <ExpenseListItem
    amount={40250}
    createdAt={345600000}
    description="Radioe"
    id={3}
    key="3"
    notes=""
  />
</div>
`;

exports[`should render ExpenseList component without expenses correctly 1`] = `
<div>
  <p>
    No expenses
  </p>
</div>
`;
